


 85%|█████████████████████████████████████████████████████████████████████████████████████████████████████████████████████████████████████████████████▎                         | 17/20 [00:04<00:00,  3.80it/s]
> /mnt/disk1/vaipe-longnd/OCR-prj-deeplearning/src/utils/trainer.py(45)eval()
-> acc = accuracy_score(y,y_pred)
100%|███████████████████████████████████████████████████████████████████████████████████████████████████████████████████████████████████████████████████████████████████████████| 20/20 [00:05<00:00,  3.53it/s]
(Pdb) y
array([  1, 144, 120, 144,   2,   1, 142, 146,  36, 144,   2,   1,  46,
        64,   2,   1,  98,  76,  38, 136,   2,   1,  94,   6,  96,   2,
         1, 170,  78,  70,  42,   2,   1,  94, 158, 134,  98,  74,   2,
         1, 144,  76, 146,   2,   1,  42,   4, 100,   2,   1,  94, 158,
       134,  98,  74,   2,   1,  46,  64,   2,   1,  46,  64,   2,   1,
        42,  76,  36, 144,   2,   1,  42,  76,  36, 144,   2,   1, 144,
        16,  98,  74,   2,   1, 170,  78,  70,  42,   2,   1,  42, 108,
         2,   1, 144, 120, 144,   2,   1,  98,  16,  98,  74,   2,   1,
        42, 108,   2])

(Pdb) y_pred
array([  1, 144,   2, 144,   2,   1,   2,   2,  36, 144,   2,   1,   2,
         2,   2,   1,  98,  76,   2,   2,   2,   1,  94,   2,  94,   2,
         1,   2,  94,   2,  42,   2,   1,  94, 158,   2,  98,  74,   2,
         1, 144,  76,   2,   2,   1,  42,   2,   2,   2,   1,  94, 158,
         2,  98,  74,   2,   1,   2,   2,   2,   1,   2,   2,   2,   1,
        42,  76,  36, 144,   2,   1,  42,  76,  36, 144,   2,   1, 144,
        94,  98,  74,   2,   1,   2,  94,   2,  42,   2,   1,  42,   2,
         2,   1, 144,   2, 144,   2,   1,  98,  94,  98,  74,   2,   1,
        42,   2,   2])
(Pdb) n
> /mnt/disk1/vaipe-longnd/OCR-prj-deeplearning/src/utils/trainer.py(48)eval()
-> return acc
(Pdb) acc
0.7289719626168224
(Pdb) --KeyboardInterrupt--

(Pdb) run
Traceback (most recent call last):
  File "train_seq2seq.py", line 57, in <module>
    main(args)
  File "train_seq2seq.py", line 44, in main
    acc = eval(y_pred,y)
  File "/mnt/disk1/vaipe-longnd/OCR-prj-deeplearning/src/utils/trainer.py", line 48, in eval
    return acc
  File "/mnt/disk1/vaipe-longnd/OCR-prj-deeplearning/src/utils/trainer.py", line 48, in eval
    return acc
  File "/home/aiotlab/anaconda3/envs/longvaipe/lib/python3.8/bdb.py", line 88, in trace_dispatch
    return self.dispatch_line(frame)
  File "/home/aiotlab/anaconda3/envs/longvaipe/lib/python3.8/bdb.py", line 112, in dispatch_line
    self.user_line(frame)
  File "/home/aiotlab/anaconda3/envs/longvaipe/lib/python3.8/pdb.py", line 262, in user_line
    self.interaction(frame, None)
  File "/home/aiotlab/anaconda3/envs/longvaipe/lib/python3.8/pdb.py", line 357, in interaction
    self._cmdloop()
  File "/home/aiotlab/anaconda3/envs/longvaipe/lib/python3.8/pdb.py", line 322, in _cmdloop
    self.cmdloop()
  File "/home/aiotlab/anaconda3/envs/longvaipe/lib/python3.8/cmd.py", line 138, in cmdloop
    stop = self.onecmd(line)
  File "/home/aiotlab/anaconda3/envs/longvaipe/lib/python3.8/pdb.py", line 423, in onecmd
    return cmd.Cmd.onecmd(self, line)
  File "/home/aiotlab/anaconda3/envs/longvaipe/lib/python3.8/cmd.py", line 217, in onecmd
    return func(arg)
  File "/home/aiotlab/anaconda3/envs/longvaipe/lib/python3.8/pdb.py", line 1032, in do_run
    raise Restart
pdb.Restart